 MAIN    :,NAME, NEW DTRAN;
C Commands: 27
C Constants: 5
C BSS: 0
C Memory size: 34
C Header: 1
C Symbols: 12
C Long symbols: 1
C Debug: 0
C Data: 0 + set: 0
C Actual length of the object file is 53
C Symbol table offset is 37
 P/1D    :,BSS,;
 ,LC,42;
 *OUTPUT*:,BSS,;
 ,LC,30;
 P/CO    :,BSS,;
 ,SUBP,0;
 P/IT    :,BSS,;
 ,SUBP,0;
 P/WI    :,BSS,;
 ,SUBP,0;
 P/WL    :,BSS,;
 ,SUBP,0;
 P/EF    :,BSS,;
 ,SUBP,0;
 P/1     :,BSS,;
 ,SUBP,0;
 ,UJ,*0022B;
 *0001B:,BSS,;
 ,ITS,13;
 15,ATX,0;
 12,VTM,*OUTPUT*;
 10,VTM,1;
 R9 := &8;
 11,VTM,1;
 P/CO (*0027B );
 #576564606564C(*"  OUTPUT"*);
 12,ATX,26;
 ,UJ,P/IT;
 *0007B:,BSS,;
 glob41z := (0);
 glob40z := (1);
 ,UJ,*0014B;
 *0011B:,BSS,;
 glob41z := (glob41z + glob40z);
 glob40z := (glob40z + +1);
 *0014B:,BSS,;
 if (glob40z <= (10)) goto *0011B;
 writeInt( (10), glob41z );
 writeLN;
 ,UJ,P/EF;
 *0022B:,BSS,;
 14,VJM,P/1;
 *0001B( 0 );
 #&*0001B;
 ,ASN,64-15;
 7,AOX,1;
 7,ATX,1;
 ,UJ,*0007B;
 /0:,BSS,;
 ,TEXT, 8H*OUTPUT*;
 /1:,BSS,;
 ,TEXT, 8H  OUTPUT;
 /2:,BSS,;
 ,INT,0;
 /3:,BSS,;
 ,INT,10;
 /4:,BSS,;
 ,INT,1;
 ,END,0;
