 MAIN    :,NAME, NEW DTRAN;
C Commands: 42
C Constants: 13
C BSS: 0
C Memory size: 55
C Header: 1
C Symbols: 17
C Long symbols: 1
C Debug: 0
C Data: 0 + set: 0
C Actual length of the object file is 101
C Symbol table offset is 60
 P/1D    :,BSS,;
 ,LC,42;
 *OUTPUT*:,BSS,;
 ,LC,30;
 P/CO    :,BSS,;
 ,SUBP,0;
 P/IT    :,BSS,;
 ,SUBP,0;
 P/TR    :,BSS,;
 ,SUBP,0;
 P/7A    :,BSS,;
 ,SUBP,0;
 P/WI    :,BSS,;
 ,SUBP,0;
 P/WL    :,BSS,;
 ,SUBP,0;
 P/WR    :,BSS,;
 ,SUBP,0;
 P/EF    :,BSS,;
 ,SUBP,0;
 P/1     :,BSS,;
 ,SUBP,0;
 ,UJ,*0035B;
 *0001B:,BSS,;
 ,ITS,13;
 15,ATX,0;
 12,VTM,*OUTPUT*;
 10,VTM,1;
 R9 := &8;
 11,VTM,1;
 P/CO (*0042B );
 #576564606564C(*"  OUTPUT"*);
 12,ATX,26;
 ,UJ,P/IT;
 *0007B:,BSS,;
 glob40z := (25);
 glob41z := toReal(glob40z);
 #glob41z;
 ,NTR,7;
 ,A+X,real0_5;
 ,NTR,7;
 ,A+X,00;
 ,ATX,glob40z;
 glob40z := trunc(glob41z);
 #(glob41z - toReal(glob40z));
 ,NTR,19;
 ,UZA,*0027B;
 11,VTM,*0042B+3;
 10,VTM,9;
 writeString;
 writeInt( (5), glob40z );
 writeLN;
 ,UJ,*0034B;
 *0027B:,BSS,;
 11,VTM,*0042B+6;
 10,VTM,12;
 writeString;
 P/WR ((15), (6), glob41z );
 writeLN;
 *0034B:,BSS,;
 ,UJ,P/EF;
 *0035B:,BSS,;
 14,VJM,P/1;
 *0001B( 0 );
 #&*0001B;
 ,ASN,64-15;
 7,AOX,1;
 7,ATX,1;
 ,UJ,*0007B;
 /0:,BSS,;
 ,TEXT, 8H*OUTPUT*;
 /1:,BSS,;
 ,TEXT, 8H  OUTPUT;
 /2:,BSS,;
 ,INT,25;
 /3:,BSS,;
 ,ISO, 6H GREAT . 040 107 122 105 101 124;
 /4:,BSS,;
 ,ISO, 6HER     . 105 122 040 040 040 040;
 /5:,BSS,;
 ,INT,5;
 /6:,BSS,;
 ,ISO, 6H NOT G . 040 116 117 124 040 107;
 /7:,BSS,;
 ,ISO, 6HREATER . 122 105 101 124 105 122;
 /8:,BSS,;
 ,ISO, 6H       . 040 040 040 040 040 040;
 /9:,BSS,;
 ,INT,15;
 /10:,BSS,;
 ,INT,6;
 ,END,0;
