 MAIN    :,NAME, NEW DTRAN;
C Commands: 27
C Constants: 4
C BSS: 0
C Memory size: 33
C Header: 1
C Symbols: 15
C Long symbols: 1
C Debug: 0
C Data: 0 + set: 0
C Actual length of the object file is 55
C Symbol table offset is 36
 P/1D    :,BSS,;
 ,LC,41;
 *OUTPUT*:,BSS,;
 ,LC,30;
 P/CO    :,BSS,;
 ,SUBP,0;
 P/IT    :,BSS,;
 ,SUBP,0;
 P/2     :,BSS,;
 ,SUBP,0;
 P/MI    :,BSS,;
 ,SUBP,0;
 P/E     :,BSS,;
 ,SUBP,0;
 P/WI    :,BSS,;
 ,SUBP,0;
 P/WL    :,BSS,;
 ,SUBP,0;
 P/EF    :,BSS,;
 ,SUBP,0;
 P/1     :,BSS,;
 ,SUBP,0;
 ,UJ,*0022B;
 *0001B:,BSS,;
 ,ITS,13;
 15,ATX,0;
 12,VTM,*OUTPUT*;
 10,VTM,1;
 R9 := &8;
 11,VTM,1;
 P/CO (*0027B );
 #576564606564C(*"  OUTPUT"*);
 12,ATX,26;
 ,UJ,P/IT;
 ==========;
 *0007B: Level 2 function with 1 argument and 0 locals;
 *0007B := mulFix(((l2arg1z ^ multmask) * l2arg1z));
 RETURN;
 *0014B:,BSS,;
 glob40z :=   *0007B( (7) );
 writeInt( (10), glob40z );
 writeLN;
 ,UJ,P/EF;
 *0022B:,BSS,;
 14,VJM,P/1;
 *0001B( 0 );
 #&*0001B;
 ,ASN,64-15;
 7,AOX,1;
 7,ATX,1;
 ,UJ,*0014B;
 /0:,BSS,;
 ,TEXT, 8H*OUTPUT*;
 /1:,BSS,;
 ,TEXT, 8H  OUTPUT;
 /2:,BSS,;
 ,INT,7;
 /3:,BSS,;
 ,INT,10;
 ,END,0;
