 MAIN    :,NAME, NEW DTRAN;
C Commands: 24
C Constants: 11
C BSS: 0
C Memory size: 35
C Header: 1
C Symbols: 15
C Long symbols: 1
C Debug: 0
C Data: 0 + set: 0
C Actual length of the object file is 57
C Symbol table offset is 40
 P/1D    :,BSS,;
 ,LC,40;
 *OUTPUT*:,BSS,;
 ,LC,30;
 P/CO    :,BSS,;
 ,SUBP,0;
 P/IT    :,BSS,;
 ,SUBP,0;
 P/7A    :,BSS,;
 ,SUBP,0;
 P/WL    :,BSS,;
 ,SUBP,0;
 P/WI    :,BSS,;
 ,SUBP,0;
 P/EF    :,BSS,;
 ,SUBP,0;
 P/1     :,BSS,;
 ,SUBP,0;
 ,UJ,*0017B;
 *0001B:,BSS,;
 ,ITS,13;
 15,ATX,0;
 12,VTM,*OUTPUT*;
 10,VTM,1;
 R9 := &8;
 11,VTM,1;
 P/CO (*0024B );
 #576564606564C(*"  OUTPUT"*);
 12,ATX,26;
 ,UJ,P/IT;
 *0007B:,BSS,;
 11,VTM,*0024B+2;
 10,VTM,13;
 writeString;
 writeLN;
 11,VTM,*0024B+5;
 10,VTM,8;
 writeString;
 writeInt( (4), (42) );
 writeLN;
 ,UJ,P/EF;
 *0017B:,BSS,;
 14,VJM,P/1;
 *0001B( 0 );
 #&*0001B;
 ,ASN,64-15;
 7,AOX,1;
 7,ATX,1;
 ,UJ,*0007B;
 /0:,BSS,;
 ,TEXT, 8H*OUTPUT*;
 /1:,BSS,;
 ,TEXT, 8H  OUTPUT;
 /2:,BSS,;
 ,ISO, 6H HELLO . 040 110 105 114 114 117;
 /3:,BSS,;
 ,ISO, 6H WORLD . 040 127 117 122 114 104;
 /4:,BSS,;
 ,ISO, 6H       . 040 040 040 040 040 040;
 /5:,BSS,;
 ,ISO, 6H VALUE . 040 126 101 114 125 105;
 /6:,BSS,;
 ,ISO, 6H =     . 040 075 040 040 040 040;
 /7:,BSS,;
 ,INT,4;
 /8:,BSS,;
 ,INT,42;
 ,END,0;
